// Jest Snapshot v1, https://goo.gl/fbAQLP

exports[`<Image /> should Episodes when passed episodesList 1`] = `
ShallowWrapper {
  Symbol(enzyme.__root__): [Circular],
  Symbol(enzyme.__unrendered__): <Episodes
    episodesList={
      Array [
        Object {
          "image": Object {
            "original": "Original.jpg",
          },
          "name": "Episode",
        },
      ]
    }
  />,
  Symbol(enzyme.__renderer__): Object {
    "batchedUpdates": [Function],
    "checkPropTypes": [Function],
    "getNode": [Function],
    "render": [Function],
    "simulateError": [Function],
    "simulateEvent": [Function],
    "unmount": [Function],
  },
  Symbol(enzyme.__node__): Object {
    "instance": null,
    "key": undefined,
    "nodeType": "host",
    "props": Object {
      "children": Array [
        <Nav
          tabs={true}
          tag="ul"
          vertical={false}
        >
          <NavItem
            onClick={[Function]}
            tag="li"
            value="undefined"
          >
            <NavLink
              className=""
              tag="a"
            >
              Season undefined
            </NavLink>
          </NavItem>
        </Nav>,
        <TabContent
          activeTab={1}
          tag="div"
        >
          <TabPane
            tabId={NaN}
            tag="div"
          >
            <EpisodesList
              episodes={
                Array [
                  Object {
                    "image": Object {
                      "original": "Original.jpg",
                    },
                    "name": "Episode",
                  },
                ]
              }
            />
          </TabPane>
        </TabContent>,
      ],
    },
    "ref": null,
    "rendered": Array [
      Object {
        "instance": null,
        "key": undefined,
        "nodeType": "function",
        "props": Object {
          "children": Array [
            <NavItem
              onClick={[Function]}
              tag="li"
              value="undefined"
            >
              <NavLink
                className=""
                tag="a"
              >
                Season undefined
              </NavLink>
            </NavItem>,
          ],
          "tabs": true,
          "tag": "ul",
          "vertical": false,
        },
        "ref": null,
        "rendered": Array [
          Object {
            "instance": null,
            "key": "undefined",
            "nodeType": "function",
            "props": Object {
              "children": <NavLink
                className=""
                tag="a"
              >
                Season undefined
              </NavLink>,
              "onClick": [Function],
              "tag": "li",
              "value": "undefined",
            },
            "ref": null,
            "rendered": Object {
              "instance": null,
              "key": undefined,
              "nodeType": "class",
              "props": Object {
                "children": "Season undefined",
                "className": "",
                "tag": "a",
              },
              "ref": null,
              "rendered": "Season undefined",
              "type": [Function],
            },
            "type": [Function],
          },
        ],
        "type": [Function],
      },
      Object {
        "instance": null,
        "key": undefined,
        "nodeType": "class",
        "props": Object {
          "activeTab": 1,
          "children": Array [
            <TabPane
              tabId={NaN}
              tag="div"
            >
              <EpisodesList
                episodes={
                  Array [
                    Object {
                      "image": Object {
                        "original": "Original.jpg",
                      },
                      "name": "Episode",
                    },
                  ]
                }
              />
            </TabPane>,
          ],
          "tag": "div",
        },
        "ref": null,
        "rendered": Array [
          Object {
            "instance": null,
            "key": "undefined",
            "nodeType": "function",
            "props": Object {
              "children": <EpisodesList
                episodes={
                  Array [
                    Object {
                      "image": Object {
                        "original": "Original.jpg",
                      },
                      "name": "Episode",
                    },
                  ]
                }
              />,
              "tabId": NaN,
              "tag": "div",
            },
            "ref": null,
            "rendered": Object {
              "instance": null,
              "key": undefined,
              "nodeType": "class",
              "props": Object {
                "episodes": Array [
                  Object {
                    "image": Object {
                      "original": "Original.jpg",
                    },
                    "name": "Episode",
                  },
                ],
                "showID": undefined,
              },
              "ref": null,
              "rendered": null,
              "type": [Function],
            },
            "type": [Function],
          },
        ],
        "type": [Function],
      },
    ],
    "type": "div",
  },
  Symbol(enzyme.__nodes__): Array [
    Object {
      "instance": null,
      "key": undefined,
      "nodeType": "host",
      "props": Object {
        "children": Array [
          <Nav
            tabs={true}
            tag="ul"
            vertical={false}
          >
            <NavItem
              onClick={[Function]}
              tag="li"
              value="undefined"
            >
              <NavLink
                className=""
                tag="a"
              >
                Season undefined
              </NavLink>
            </NavItem>
          </Nav>,
          <TabContent
            activeTab={1}
            tag="div"
          >
            <TabPane
              tabId={NaN}
              tag="div"
            >
              <EpisodesList
                episodes={
                  Array [
                    Object {
                      "image": Object {
                        "original": "Original.jpg",
                      },
                      "name": "Episode",
                    },
                  ]
                }
              />
            </TabPane>
          </TabContent>,
        ],
      },
      "ref": null,
      "rendered": Array [
        Object {
          "instance": null,
          "key": undefined,
          "nodeType": "function",
          "props": Object {
            "children": Array [
              <NavItem
                onClick={[Function]}
                tag="li"
                value="undefined"
              >
                <NavLink
                  className=""
                  tag="a"
                >
                  Season undefined
                </NavLink>
              </NavItem>,
            ],
            "tabs": true,
            "tag": "ul",
            "vertical": false,
          },
          "ref": null,
          "rendered": Array [
            Object {
              "instance": null,
              "key": "undefined",
              "nodeType": "function",
              "props": Object {
                "children": <NavLink
                  className=""
                  tag="a"
                >
                  Season undefined
                </NavLink>,
                "onClick": [Function],
                "tag": "li",
                "value": "undefined",
              },
              "ref": null,
              "rendered": Object {
                "instance": null,
                "key": undefined,
                "nodeType": "class",
                "props": Object {
                  "children": "Season undefined",
                  "className": "",
                  "tag": "a",
                },
                "ref": null,
                "rendered": "Season undefined",
                "type": [Function],
              },
              "type": [Function],
            },
          ],
          "type": [Function],
        },
        Object {
          "instance": null,
          "key": undefined,
          "nodeType": "class",
          "props": Object {
            "activeTab": 1,
            "children": Array [
              <TabPane
                tabId={NaN}
                tag="div"
              >
                <EpisodesList
                  episodes={
                    Array [
                      Object {
                        "image": Object {
                          "original": "Original.jpg",
                        },
                        "name": "Episode",
                      },
                    ]
                  }
                />
              </TabPane>,
            ],
            "tag": "div",
          },
          "ref": null,
          "rendered": Array [
            Object {
              "instance": null,
              "key": "undefined",
              "nodeType": "function",
              "props": Object {
                "children": <EpisodesList
                  episodes={
                    Array [
                      Object {
                        "image": Object {
                          "original": "Original.jpg",
                        },
                        "name": "Episode",
                      },
                    ]
                  }
                />,
                "tabId": NaN,
                "tag": "div",
              },
              "ref": null,
              "rendered": Object {
                "instance": null,
                "key": undefined,
                "nodeType": "class",
                "props": Object {
                  "episodes": Array [
                    Object {
                      "image": Object {
                        "original": "Original.jpg",
                      },
                      "name": "Episode",
                    },
                  ],
                  "showID": undefined,
                },
                "ref": null,
                "rendered": null,
                "type": [Function],
              },
              "type": [Function],
            },
          ],
          "type": [Function],
        },
      ],
      "type": "div",
    },
  ],
  Symbol(enzyme.__options__): Object {
    "adapter": ReactSixteenAdapter {
      "options": Object {
        "enableComponentDidUpdateOnSetState": true,
        "legacyContextMode": "parent",
        "lifecycles": Object {
          "componentDidUpdate": Object {
            "onSetState": true,
          },
          "getChildContext": Object {
            "calledByRenderer": false,
          },
          "getDerivedStateFromProps": true,
          "getSnapshotBeforeUpdate": true,
          "setState": Object {
            "skipsComponentDidUpdateOnNullish": true,
          },
        },
      },
    },
  },
}
`;

exports[`src/episodes/index.jsx <Episodes /> should render and match snapshot  when passed episodesList 1`] = `
ShallowWrapper {
  Symbol(enzyme.__root__): [Circular],
  Symbol(enzyme.__unrendered__): <Episodes
    episodesList={
      Array [
        Object {
          "image": Object {
            "original": "Original.jpg",
          },
          "name": "Episode",
        },
      ]
    }
  />,
  Symbol(enzyme.__renderer__): Object {
    "batchedUpdates": [Function],
    "checkPropTypes": [Function],
    "getNode": [Function],
    "render": [Function],
    "simulateError": [Function],
    "simulateEvent": [Function],
    "unmount": [Function],
  },
  Symbol(enzyme.__node__): Object {
    "instance": null,
    "key": undefined,
    "nodeType": "host",
    "props": Object {
      "children": Array [
        <Nav
          tabs={true}
          tag="ul"
          vertical={false}
        >
          <NavItem
            onClick={[Function]}
            tag="li"
            value="undefined"
          >
            <NavLink
              className=""
              tag="a"
            >
              Season undefined
            </NavLink>
          </NavItem>
        </Nav>,
        <TabContent
          activeTab={1}
          tag="div"
        >
          <TabPane
            tabId={NaN}
            tag="div"
          >
            <EpisodesList
              episodes={
                Array [
                  Object {
                    "image": Object {
                      "original": "Original.jpg",
                    },
                    "name": "Episode",
                  },
                ]
              }
            />
          </TabPane>
        </TabContent>,
      ],
    },
    "ref": null,
    "rendered": Array [
      Object {
        "instance": null,
        "key": undefined,
        "nodeType": "function",
        "props": Object {
          "children": Array [
            <NavItem
              onClick={[Function]}
              tag="li"
              value="undefined"
            >
              <NavLink
                className=""
                tag="a"
              >
                Season undefined
              </NavLink>
            </NavItem>,
          ],
          "tabs": true,
          "tag": "ul",
          "vertical": false,
        },
        "ref": null,
        "rendered": Array [
          Object {
            "instance": null,
            "key": "undefined",
            "nodeType": "function",
            "props": Object {
              "children": <NavLink
                className=""
                tag="a"
              >
                Season undefined
              </NavLink>,
              "onClick": [Function],
              "tag": "li",
              "value": "undefined",
            },
            "ref": null,
            "rendered": Object {
              "instance": null,
              "key": undefined,
              "nodeType": "class",
              "props": Object {
                "children": "Season undefined",
                "className": "",
                "tag": "a",
              },
              "ref": null,
              "rendered": "Season undefined",
              "type": [Function],
            },
            "type": [Function],
          },
        ],
        "type": [Function],
      },
      Object {
        "instance": null,
        "key": undefined,
        "nodeType": "class",
        "props": Object {
          "activeTab": 1,
          "children": Array [
            <TabPane
              tabId={NaN}
              tag="div"
            >
              <EpisodesList
                episodes={
                  Array [
                    Object {
                      "image": Object {
                        "original": "Original.jpg",
                      },
                      "name": "Episode",
                    },
                  ]
                }
              />
            </TabPane>,
          ],
          "tag": "div",
        },
        "ref": null,
        "rendered": Array [
          Object {
            "instance": null,
            "key": "undefined",
            "nodeType": "function",
            "props": Object {
              "children": <EpisodesList
                episodes={
                  Array [
                    Object {
                      "image": Object {
                        "original": "Original.jpg",
                      },
                      "name": "Episode",
                    },
                  ]
                }
              />,
              "tabId": NaN,
              "tag": "div",
            },
            "ref": null,
            "rendered": Object {
              "instance": null,
              "key": undefined,
              "nodeType": "class",
              "props": Object {
                "episodes": Array [
                  Object {
                    "image": Object {
                      "original": "Original.jpg",
                    },
                    "name": "Episode",
                  },
                ],
                "showID": undefined,
              },
              "ref": null,
              "rendered": null,
              "type": [Function],
            },
            "type": [Function],
          },
        ],
        "type": [Function],
      },
    ],
    "type": "div",
  },
  Symbol(enzyme.__nodes__): Array [
    Object {
      "instance": null,
      "key": undefined,
      "nodeType": "host",
      "props": Object {
        "children": Array [
          <Nav
            tabs={true}
            tag="ul"
            vertical={false}
          >
            <NavItem
              onClick={[Function]}
              tag="li"
              value="undefined"
            >
              <NavLink
                className=""
                tag="a"
              >
                Season undefined
              </NavLink>
            </NavItem>
          </Nav>,
          <TabContent
            activeTab={1}
            tag="div"
          >
            <TabPane
              tabId={NaN}
              tag="div"
            >
              <EpisodesList
                episodes={
                  Array [
                    Object {
                      "image": Object {
                        "original": "Original.jpg",
                      },
                      "name": "Episode",
                    },
                  ]
                }
              />
            </TabPane>
          </TabContent>,
        ],
      },
      "ref": null,
      "rendered": Array [
        Object {
          "instance": null,
          "key": undefined,
          "nodeType": "function",
          "props": Object {
            "children": Array [
              <NavItem
                onClick={[Function]}
                tag="li"
                value="undefined"
              >
                <NavLink
                  className=""
                  tag="a"
                >
                  Season undefined
                </NavLink>
              </NavItem>,
            ],
            "tabs": true,
            "tag": "ul",
            "vertical": false,
          },
          "ref": null,
          "rendered": Array [
            Object {
              "instance": null,
              "key": "undefined",
              "nodeType": "function",
              "props": Object {
                "children": <NavLink
                  className=""
                  tag="a"
                >
                  Season undefined
                </NavLink>,
                "onClick": [Function],
                "tag": "li",
                "value": "undefined",
              },
              "ref": null,
              "rendered": Object {
                "instance": null,
                "key": undefined,
                "nodeType": "class",
                "props": Object {
                  "children": "Season undefined",
                  "className": "",
                  "tag": "a",
                },
                "ref": null,
                "rendered": "Season undefined",
                "type": [Function],
              },
              "type": [Function],
            },
          ],
          "type": [Function],
        },
        Object {
          "instance": null,
          "key": undefined,
          "nodeType": "class",
          "props": Object {
            "activeTab": 1,
            "children": Array [
              <TabPane
                tabId={NaN}
                tag="div"
              >
                <EpisodesList
                  episodes={
                    Array [
                      Object {
                        "image": Object {
                          "original": "Original.jpg",
                        },
                        "name": "Episode",
                      },
                    ]
                  }
                />
              </TabPane>,
            ],
            "tag": "div",
          },
          "ref": null,
          "rendered": Array [
            Object {
              "instance": null,
              "key": "undefined",
              "nodeType": "function",
              "props": Object {
                "children": <EpisodesList
                  episodes={
                    Array [
                      Object {
                        "image": Object {
                          "original": "Original.jpg",
                        },
                        "name": "Episode",
                      },
                    ]
                  }
                />,
                "tabId": NaN,
                "tag": "div",
              },
              "ref": null,
              "rendered": Object {
                "instance": null,
                "key": undefined,
                "nodeType": "class",
                "props": Object {
                  "episodes": Array [
                    Object {
                      "image": Object {
                        "original": "Original.jpg",
                      },
                      "name": "Episode",
                    },
                  ],
                  "showID": undefined,
                },
                "ref": null,
                "rendered": null,
                "type": [Function],
              },
              "type": [Function],
            },
          ],
          "type": [Function],
        },
      ],
      "type": "div",
    },
  ],
  Symbol(enzyme.__options__): Object {
    "adapter": ReactSixteenAdapter {
      "options": Object {
        "enableComponentDidUpdateOnSetState": true,
        "legacyContextMode": "parent",
        "lifecycles": Object {
          "componentDidUpdate": Object {
            "onSetState": true,
          },
          "getChildContext": Object {
            "calledByRenderer": false,
          },
          "getDerivedStateFromProps": true,
          "getSnapshotBeforeUpdate": true,
          "setState": Object {
            "skipsComponentDidUpdateOnNullish": true,
          },
        },
      },
    },
  },
}
`;

exports[`src/episodes/index.jsx <Episodes /> should render and match snapshot when episodesList is passed 1`] = `
ShallowWrapper {
  Symbol(enzyme.__root__): [Circular],
  Symbol(enzyme.__unrendered__): <Episodes
    episodesList={
      Array [
        Object {
          "image": Object {
            "original": "Original.jpg",
          },
          "name": "Episode",
        },
      ]
    }
  />,
  Symbol(enzyme.__renderer__): Object {
    "batchedUpdates": [Function],
    "checkPropTypes": [Function],
    "getNode": [Function],
    "render": [Function],
    "simulateError": [Function],
    "simulateEvent": [Function],
    "unmount": [Function],
  },
  Symbol(enzyme.__node__): Object {
    "instance": null,
    "key": undefined,
    "nodeType": "host",
    "props": Object {
      "children": Array [
        <Nav
          tabs={true}
          tag="ul"
          vertical={false}
        >
          <NavItem
            onClick={[Function]}
            tag="li"
            value="undefined"
          >
            <NavLink
              className=""
              tag="a"
            >
              Season undefined
            </NavLink>
          </NavItem>
        </Nav>,
        <TabContent
          activeTab={1}
          tag="div"
        >
          <TabPane
            tabId={NaN}
            tag="div"
          >
            <EpisodesList
              episodes={
                Array [
                  Object {
                    "image": Object {
                      "original": "Original.jpg",
                    },
                    "name": "Episode",
                  },
                ]
              }
            />
          </TabPane>
        </TabContent>,
      ],
    },
    "ref": null,
    "rendered": Array [
      Object {
        "instance": null,
        "key": undefined,
        "nodeType": "function",
        "props": Object {
          "children": Array [
            <NavItem
              onClick={[Function]}
              tag="li"
              value="undefined"
            >
              <NavLink
                className=""
                tag="a"
              >
                Season undefined
              </NavLink>
            </NavItem>,
          ],
          "tabs": true,
          "tag": "ul",
          "vertical": false,
        },
        "ref": null,
        "rendered": Array [
          Object {
            "instance": null,
            "key": "undefined",
            "nodeType": "function",
            "props": Object {
              "children": <NavLink
                className=""
                tag="a"
              >
                Season undefined
              </NavLink>,
              "onClick": [Function],
              "tag": "li",
              "value": "undefined",
            },
            "ref": null,
            "rendered": Object {
              "instance": null,
              "key": undefined,
              "nodeType": "class",
              "props": Object {
                "children": "Season undefined",
                "className": "",
                "tag": "a",
              },
              "ref": null,
              "rendered": "Season undefined",
              "type": [Function],
            },
            "type": [Function],
          },
        ],
        "type": [Function],
      },
      Object {
        "instance": null,
        "key": undefined,
        "nodeType": "class",
        "props": Object {
          "activeTab": 1,
          "children": Array [
            <TabPane
              tabId={NaN}
              tag="div"
            >
              <EpisodesList
                episodes={
                  Array [
                    Object {
                      "image": Object {
                        "original": "Original.jpg",
                      },
                      "name": "Episode",
                    },
                  ]
                }
              />
            </TabPane>,
          ],
          "tag": "div",
        },
        "ref": null,
        "rendered": Array [
          Object {
            "instance": null,
            "key": "undefined",
            "nodeType": "function",
            "props": Object {
              "children": <EpisodesList
                episodes={
                  Array [
                    Object {
                      "image": Object {
                        "original": "Original.jpg",
                      },
                      "name": "Episode",
                    },
                  ]
                }
              />,
              "tabId": NaN,
              "tag": "div",
            },
            "ref": null,
            "rendered": Object {
              "instance": null,
              "key": undefined,
              "nodeType": "class",
              "props": Object {
                "episodes": Array [
                  Object {
                    "image": Object {
                      "original": "Original.jpg",
                    },
                    "name": "Episode",
                  },
                ],
                "showID": undefined,
              },
              "ref": null,
              "rendered": null,
              "type": [Function],
            },
            "type": [Function],
          },
        ],
        "type": [Function],
      },
    ],
    "type": "div",
  },
  Symbol(enzyme.__nodes__): Array [
    Object {
      "instance": null,
      "key": undefined,
      "nodeType": "host",
      "props": Object {
        "children": Array [
          <Nav
            tabs={true}
            tag="ul"
            vertical={false}
          >
            <NavItem
              onClick={[Function]}
              tag="li"
              value="undefined"
            >
              <NavLink
                className=""
                tag="a"
              >
                Season undefined
              </NavLink>
            </NavItem>
          </Nav>,
          <TabContent
            activeTab={1}
            tag="div"
          >
            <TabPane
              tabId={NaN}
              tag="div"
            >
              <EpisodesList
                episodes={
                  Array [
                    Object {
                      "image": Object {
                        "original": "Original.jpg",
                      },
                      "name": "Episode",
                    },
                  ]
                }
              />
            </TabPane>
          </TabContent>,
        ],
      },
      "ref": null,
      "rendered": Array [
        Object {
          "instance": null,
          "key": undefined,
          "nodeType": "function",
          "props": Object {
            "children": Array [
              <NavItem
                onClick={[Function]}
                tag="li"
                value="undefined"
              >
                <NavLink
                  className=""
                  tag="a"
                >
                  Season undefined
                </NavLink>
              </NavItem>,
            ],
            "tabs": true,
            "tag": "ul",
            "vertical": false,
          },
          "ref": null,
          "rendered": Array [
            Object {
              "instance": null,
              "key": "undefined",
              "nodeType": "function",
              "props": Object {
                "children": <NavLink
                  className=""
                  tag="a"
                >
                  Season undefined
                </NavLink>,
                "onClick": [Function],
                "tag": "li",
                "value": "undefined",
              },
              "ref": null,
              "rendered": Object {
                "instance": null,
                "key": undefined,
                "nodeType": "class",
                "props": Object {
                  "children": "Season undefined",
                  "className": "",
                  "tag": "a",
                },
                "ref": null,
                "rendered": "Season undefined",
                "type": [Function],
              },
              "type": [Function],
            },
          ],
          "type": [Function],
        },
        Object {
          "instance": null,
          "key": undefined,
          "nodeType": "class",
          "props": Object {
            "activeTab": 1,
            "children": Array [
              <TabPane
                tabId={NaN}
                tag="div"
              >
                <EpisodesList
                  episodes={
                    Array [
                      Object {
                        "image": Object {
                          "original": "Original.jpg",
                        },
                        "name": "Episode",
                      },
                    ]
                  }
                />
              </TabPane>,
            ],
            "tag": "div",
          },
          "ref": null,
          "rendered": Array [
            Object {
              "instance": null,
              "key": "undefined",
              "nodeType": "function",
              "props": Object {
                "children": <EpisodesList
                  episodes={
                    Array [
                      Object {
                        "image": Object {
                          "original": "Original.jpg",
                        },
                        "name": "Episode",
                      },
                    ]
                  }
                />,
                "tabId": NaN,
                "tag": "div",
              },
              "ref": null,
              "rendered": Object {
                "instance": null,
                "key": undefined,
                "nodeType": "class",
                "props": Object {
                  "episodes": Array [
                    Object {
                      "image": Object {
                        "original": "Original.jpg",
                      },
                      "name": "Episode",
                    },
                  ],
                  "showID": undefined,
                },
                "ref": null,
                "rendered": null,
                "type": [Function],
              },
              "type": [Function],
            },
          ],
          "type": [Function],
        },
      ],
      "type": "div",
    },
  ],
  Symbol(enzyme.__options__): Object {
    "adapter": ReactSixteenAdapter {
      "options": Object {
        "enableComponentDidUpdateOnSetState": true,
        "legacyContextMode": "parent",
        "lifecycles": Object {
          "componentDidUpdate": Object {
            "onSetState": true,
          },
          "getChildContext": Object {
            "calledByRenderer": false,
          },
          "getDerivedStateFromProps": true,
          "getSnapshotBeforeUpdate": true,
          "setState": Object {
            "skipsComponentDidUpdateOnNullish": true,
          },
        },
      },
    },
  },
}
`;

exports[`src/episodes/index.jsx <Episodes /> should render and match snapshot with episodesList 1`] = `
ShallowWrapper {
  Symbol(enzyme.__root__): [Circular],
  Symbol(enzyme.__unrendered__): <Episodes
    episodesList={
      Array [
        Object {
          "image": Object {
            "original": "Original.jpg",
          },
          "name": "Episode",
        },
      ]
    }
  />,
  Symbol(enzyme.__renderer__): Object {
    "batchedUpdates": [Function],
    "checkPropTypes": [Function],
    "getNode": [Function],
    "render": [Function],
    "simulateError": [Function],
    "simulateEvent": [Function],
    "unmount": [Function],
  },
  Symbol(enzyme.__node__): Object {
    "instance": null,
    "key": undefined,
    "nodeType": "host",
    "props": Object {
      "children": Array [
        <Nav
          tabs={true}
          tag="ul"
          vertical={false}
        >
          <NavItem
            onClick={[Function]}
            tag="li"
            value="undefined"
          >
            <NavLink
              className=""
              tag="a"
            >
              Season undefined
            </NavLink>
          </NavItem>
        </Nav>,
        <TabContent
          activeTab={1}
          tag="div"
        >
          <TabPane
            tabId={NaN}
            tag="div"
          >
            <EpisodesList
              episodes={
                Array [
                  Object {
                    "image": Object {
                      "original": "Original.jpg",
                    },
                    "name": "Episode",
                  },
                ]
              }
            />
          </TabPane>
        </TabContent>,
      ],
    },
    "ref": null,
    "rendered": Array [
      Object {
        "instance": null,
        "key": undefined,
        "nodeType": "function",
        "props": Object {
          "children": Array [
            <NavItem
              onClick={[Function]}
              tag="li"
              value="undefined"
            >
              <NavLink
                className=""
                tag="a"
              >
                Season undefined
              </NavLink>
            </NavItem>,
          ],
          "tabs": true,
          "tag": "ul",
          "vertical": false,
        },
        "ref": null,
        "rendered": Array [
          Object {
            "instance": null,
            "key": "undefined",
            "nodeType": "function",
            "props": Object {
              "children": <NavLink
                className=""
                tag="a"
              >
                Season undefined
              </NavLink>,
              "onClick": [Function],
              "tag": "li",
              "value": "undefined",
            },
            "ref": null,
            "rendered": Object {
              "instance": null,
              "key": undefined,
              "nodeType": "class",
              "props": Object {
                "children": "Season undefined",
                "className": "",
                "tag": "a",
              },
              "ref": null,
              "rendered": "Season undefined",
              "type": [Function],
            },
            "type": [Function],
          },
        ],
        "type": [Function],
      },
      Object {
        "instance": null,
        "key": undefined,
        "nodeType": "class",
        "props": Object {
          "activeTab": 1,
          "children": Array [
            <TabPane
              tabId={NaN}
              tag="div"
            >
              <EpisodesList
                episodes={
                  Array [
                    Object {
                      "image": Object {
                        "original": "Original.jpg",
                      },
                      "name": "Episode",
                    },
                  ]
                }
              />
            </TabPane>,
          ],
          "tag": "div",
        },
        "ref": null,
        "rendered": Array [
          Object {
            "instance": null,
            "key": "undefined",
            "nodeType": "function",
            "props": Object {
              "children": <EpisodesList
                episodes={
                  Array [
                    Object {
                      "image": Object {
                        "original": "Original.jpg",
                      },
                      "name": "Episode",
                    },
                  ]
                }
              />,
              "tabId": NaN,
              "tag": "div",
            },
            "ref": null,
            "rendered": Object {
              "instance": null,
              "key": undefined,
              "nodeType": "class",
              "props": Object {
                "episodes": Array [
                  Object {
                    "image": Object {
                      "original": "Original.jpg",
                    },
                    "name": "Episode",
                  },
                ],
                "showID": undefined,
              },
              "ref": null,
              "rendered": null,
              "type": [Function],
            },
            "type": [Function],
          },
        ],
        "type": [Function],
      },
    ],
    "type": "div",
  },
  Symbol(enzyme.__nodes__): Array [
    Object {
      "instance": null,
      "key": undefined,
      "nodeType": "host",
      "props": Object {
        "children": Array [
          <Nav
            tabs={true}
            tag="ul"
            vertical={false}
          >
            <NavItem
              onClick={[Function]}
              tag="li"
              value="undefined"
            >
              <NavLink
                className=""
                tag="a"
              >
                Season undefined
              </NavLink>
            </NavItem>
          </Nav>,
          <TabContent
            activeTab={1}
            tag="div"
          >
            <TabPane
              tabId={NaN}
              tag="div"
            >
              <EpisodesList
                episodes={
                  Array [
                    Object {
                      "image": Object {
                        "original": "Original.jpg",
                      },
                      "name": "Episode",
                    },
                  ]
                }
              />
            </TabPane>
          </TabContent>,
        ],
      },
      "ref": null,
      "rendered": Array [
        Object {
          "instance": null,
          "key": undefined,
          "nodeType": "function",
          "props": Object {
            "children": Array [
              <NavItem
                onClick={[Function]}
                tag="li"
                value="undefined"
              >
                <NavLink
                  className=""
                  tag="a"
                >
                  Season undefined
                </NavLink>
              </NavItem>,
            ],
            "tabs": true,
            "tag": "ul",
            "vertical": false,
          },
          "ref": null,
          "rendered": Array [
            Object {
              "instance": null,
              "key": "undefined",
              "nodeType": "function",
              "props": Object {
                "children": <NavLink
                  className=""
                  tag="a"
                >
                  Season undefined
                </NavLink>,
                "onClick": [Function],
                "tag": "li",
                "value": "undefined",
              },
              "ref": null,
              "rendered": Object {
                "instance": null,
                "key": undefined,
                "nodeType": "class",
                "props": Object {
                  "children": "Season undefined",
                  "className": "",
                  "tag": "a",
                },
                "ref": null,
                "rendered": "Season undefined",
                "type": [Function],
              },
              "type": [Function],
            },
          ],
          "type": [Function],
        },
        Object {
          "instance": null,
          "key": undefined,
          "nodeType": "class",
          "props": Object {
            "activeTab": 1,
            "children": Array [
              <TabPane
                tabId={NaN}
                tag="div"
              >
                <EpisodesList
                  episodes={
                    Array [
                      Object {
                        "image": Object {
                          "original": "Original.jpg",
                        },
                        "name": "Episode",
                      },
                    ]
                  }
                />
              </TabPane>,
            ],
            "tag": "div",
          },
          "ref": null,
          "rendered": Array [
            Object {
              "instance": null,
              "key": "undefined",
              "nodeType": "function",
              "props": Object {
                "children": <EpisodesList
                  episodes={
                    Array [
                      Object {
                        "image": Object {
                          "original": "Original.jpg",
                        },
                        "name": "Episode",
                      },
                    ]
                  }
                />,
                "tabId": NaN,
                "tag": "div",
              },
              "ref": null,
              "rendered": Object {
                "instance": null,
                "key": undefined,
                "nodeType": "class",
                "props": Object {
                  "episodes": Array [
                    Object {
                      "image": Object {
                        "original": "Original.jpg",
                      },
                      "name": "Episode",
                    },
                  ],
                  "showID": undefined,
                },
                "ref": null,
                "rendered": null,
                "type": [Function],
              },
              "type": [Function],
            },
          ],
          "type": [Function],
        },
      ],
      "type": "div",
    },
  ],
  Symbol(enzyme.__options__): Object {
    "adapter": ReactSixteenAdapter {
      "options": Object {
        "enableComponentDidUpdateOnSetState": true,
        "legacyContextMode": "parent",
        "lifecycles": Object {
          "componentDidUpdate": Object {
            "onSetState": true,
          },
          "getChildContext": Object {
            "calledByRenderer": false,
          },
          "getDerivedStateFromProps": true,
          "getSnapshotBeforeUpdate": true,
          "setState": Object {
            "skipsComponentDidUpdateOnNullish": true,
          },
        },
      },
    },
  },
}
`;
