// Jest Snapshot v1, https://goo.gl/fbAQLP

exports[`src/tab-content/index.jsx <TabContents /> should render and match snapshot 1`] = `
ShallowWrapper {
  Symbol(enzyme.__root__): [Circular],
  Symbol(enzyme.__unrendered__): <TabContents
    activeTab={1}
    episodesBySeasons={
      Array [
        Array [
          Object {
            "id": 1,
            "image": Object {
              "original": "Original.jpg",
            },
            "name": "Episode",
          },
        ],
      ]
    }
    seasons={Array []}
    showID="2"
  />,
  Symbol(enzyme.__renderer__): Object {
    "batchedUpdates": [Function],
    "checkPropTypes": [Function],
    "getNode": [Function],
    "render": [Function],
    "simulateError": [Function],
    "simulateEvent": [Function],
    "unmount": [Function],
  },
  Symbol(enzyme.__node__): Object {
    "instance": null,
    "key": undefined,
    "nodeType": "class",
    "props": Object {
      "activeTab": 1,
      "children": Array [
        <TabPane
          tabId={0}
          tag="div"
        >
          <EpisodesList
            episodes={
              Array [
                Object {
                  "id": 1,
                  "image": Object {
                    "original": "Original.jpg",
                  },
                  "name": "Episode",
                },
              ]
            }
            showID="2"
          />
        </TabPane>,
      ],
      "tag": "div",
    },
    "ref": null,
    "rendered": Array [
      Object {
        "instance": null,
        "key": "0",
        "nodeType": "function",
        "props": Object {
          "children": <EpisodesList
            episodes={
              Array [
                Object {
                  "id": 1,
                  "image": Object {
                    "original": "Original.jpg",
                  },
                  "name": "Episode",
                },
              ]
            }
            showID="2"
          />,
          "tabId": 0,
          "tag": "div",
        },
        "ref": null,
        "rendered": Object {
          "instance": null,
          "key": undefined,
          "nodeType": "function",
          "props": Object {
            "episodes": Array [
              Object {
                "id": 1,
                "image": Object {
                  "original": "Original.jpg",
                },
                "name": "Episode",
              },
            ],
            "showID": "2",
          },
          "ref": null,
          "rendered": null,
          "type": [Function],
        },
        "type": [Function],
      },
    ],
    "type": [Function],
  },
  Symbol(enzyme.__nodes__): Array [
    Object {
      "instance": null,
      "key": undefined,
      "nodeType": "class",
      "props": Object {
        "activeTab": 1,
        "children": Array [
          <TabPane
            tabId={0}
            tag="div"
          >
            <EpisodesList
              episodes={
                Array [
                  Object {
                    "id": 1,
                    "image": Object {
                      "original": "Original.jpg",
                    },
                    "name": "Episode",
                  },
                ]
              }
              showID="2"
            />
          </TabPane>,
        ],
        "tag": "div",
      },
      "ref": null,
      "rendered": Array [
        Object {
          "instance": null,
          "key": "0",
          "nodeType": "function",
          "props": Object {
            "children": <EpisodesList
              episodes={
                Array [
                  Object {
                    "id": 1,
                    "image": Object {
                      "original": "Original.jpg",
                    },
                    "name": "Episode",
                  },
                ]
              }
              showID="2"
            />,
            "tabId": 0,
            "tag": "div",
          },
          "ref": null,
          "rendered": Object {
            "instance": null,
            "key": undefined,
            "nodeType": "function",
            "props": Object {
              "episodes": Array [
                Object {
                  "id": 1,
                  "image": Object {
                    "original": "Original.jpg",
                  },
                  "name": "Episode",
                },
              ],
              "showID": "2",
            },
            "ref": null,
            "rendered": null,
            "type": [Function],
          },
          "type": [Function],
        },
      ],
      "type": [Function],
    },
  ],
  Symbol(enzyme.__options__): Object {
    "adapter": ReactSixteenAdapter {
      "options": Object {
        "enableComponentDidUpdateOnSetState": true,
        "legacyContextMode": "parent",
        "lifecycles": Object {
          "componentDidUpdate": Object {
            "onSetState": true,
          },
          "getChildContext": Object {
            "calledByRenderer": false,
          },
          "getDerivedStateFromError": true,
          "getDerivedStateFromProps": Object {
            "hasShouldComponentUpdateBug": false,
          },
          "getSnapshotBeforeUpdate": true,
          "setState": Object {
            "skipsComponentDidUpdateOnNullish": true,
          },
        },
      },
    },
  },
}
`;
