// Jest Snapshot v1, https://goo.gl/fbAQLP

exports[`src/episodes/index.jsx <Episodes /> should render and match snapshot with episodesList 1`] = `
ShallowWrapper {
  Symbol(enzyme.__root__): [Circular],
  Symbol(enzyme.__unrendered__): <Episodes
    episodesList={
      Array [
        Object {
          "image": Object {
            "original": "Original.jpg",
          },
          "name": "Episode",
        },
      ]
    }
    showID="11"
  />,
  Symbol(enzyme.__renderer__): Object {
    "batchedUpdates": [Function],
    "checkPropTypes": [Function],
    "getNode": [Function],
    "render": [Function],
    "simulateError": [Function],
    "simulateEvent": [Function],
    "unmount": [Function],
  },
  Symbol(enzyme.__node__): Object {
    "instance": null,
    "key": undefined,
    "nodeType": "host",
    "props": Object {
      "children": Array [
        <NavItems
          activeTab={1}
          seasons={
            Array [
              "undefined",
            ]
          }
          toggleTabs={[Function]}
        />,
        <TabContents
          activeTab={1}
          episodesBySeasons={
            Object {
              "undefined": Array [
                Object {
                  "image": Object {
                    "original": "Original.jpg",
                  },
                  "name": "Episode",
                },
              ],
            }
          }
          seasons={Array []}
          showID="11"
        />,
      ],
    },
    "ref": null,
    "rendered": Array [
      Object {
        "instance": null,
        "key": undefined,
        "nodeType": "function",
        "props": Object {
          "activeTab": 1,
          "seasons": Array [
            "undefined",
          ],
          "toggleTabs": [Function],
        },
        "ref": null,
        "rendered": null,
        "type": [Function],
      },
      Object {
        "instance": null,
        "key": undefined,
        "nodeType": "function",
        "props": Object {
          "activeTab": 1,
          "episodesBySeasons": Object {
            "undefined": Array [
              Object {
                "image": Object {
                  "original": "Original.jpg",
                },
                "name": "Episode",
              },
            ],
          },
          "seasons": Array [],
          "showID": "11",
        },
        "ref": null,
        "rendered": null,
        "type": [Function],
      },
    ],
    "type": "div",
  },
  Symbol(enzyme.__nodes__): Array [
    Object {
      "instance": null,
      "key": undefined,
      "nodeType": "host",
      "props": Object {
        "children": Array [
          <NavItems
            activeTab={1}
            seasons={
              Array [
                "undefined",
              ]
            }
            toggleTabs={[Function]}
          />,
          <TabContents
            activeTab={1}
            episodesBySeasons={
              Object {
                "undefined": Array [
                  Object {
                    "image": Object {
                      "original": "Original.jpg",
                    },
                    "name": "Episode",
                  },
                ],
              }
            }
            seasons={Array []}
            showID="11"
          />,
        ],
      },
      "ref": null,
      "rendered": Array [
        Object {
          "instance": null,
          "key": undefined,
          "nodeType": "function",
          "props": Object {
            "activeTab": 1,
            "seasons": Array [
              "undefined",
            ],
            "toggleTabs": [Function],
          },
          "ref": null,
          "rendered": null,
          "type": [Function],
        },
        Object {
          "instance": null,
          "key": undefined,
          "nodeType": "function",
          "props": Object {
            "activeTab": 1,
            "episodesBySeasons": Object {
              "undefined": Array [
                Object {
                  "image": Object {
                    "original": "Original.jpg",
                  },
                  "name": "Episode",
                },
              ],
            },
            "seasons": Array [],
            "showID": "11",
          },
          "ref": null,
          "rendered": null,
          "type": [Function],
        },
      ],
      "type": "div",
    },
  ],
  Symbol(enzyme.__options__): Object {
    "adapter": ReactSixteenAdapter {
      "options": Object {
        "enableComponentDidUpdateOnSetState": true,
        "legacyContextMode": "parent",
        "lifecycles": Object {
          "componentDidUpdate": Object {
            "onSetState": true,
          },
          "getChildContext": Object {
            "calledByRenderer": false,
          },
          "getDerivedStateFromProps": true,
          "getSnapshotBeforeUpdate": true,
          "setState": Object {
            "skipsComponentDidUpdateOnNullish": true,
          },
        },
      },
    },
  },
}
`;
